// Jest Snapshot v1, https://goo.gl/fbAQLP

exports[`ScoreArea should render correctly 1`] = `
<ScoreArea
  history={
    Object {
      "cat": 1,
      "dog": 1,
      "zebra": 2,
    }
  }
  innerRef={null}
/>
`;
