// Jest Snapshot v1, https://goo.gl/fbAQLP

exports[`PlayerInput should render correctly 1`] = `
<PlayerInput
  innerRef={null}
  inputWord="word"
/>
`;
